=====================================================================================
  NILUS LAB — ZENITH PLATFORM v31.1
  HIGH-DIMENSIONAL CARDIAC REPROGRAMMING COMBINATORIAL IN SILICO SCREEN
=====================================================================================
[*] Timestamp: 2026-09-22 19:57:39 UTC
[*] Single-Cell Manifold: 5,009D scVI Latent Space (99,993 trained cardiac cells)
[*] Evaluation Batch Size: 200 synthetic aged ventricular cardiomyocytes
[*] Clock Model: BiT Age Native Transcriptomic Clock (Meyer et al. 2021)
[*] Conformal Risk Control: alpha = 0.01 (99.0% Oncogenic Drift Confidence)
-------------------------------------------------------------------------------------
[*] Ingested 516 combinatorial cocktails for prospective in silico evaluation...
[+] Screen completed in 0.45s (1155.3 cocktails/sec)

[+] Full quantitative audit exported: ./zenith_screening_audit.csv (516 rows)

=====================================================================================
  DISCOVERY FUNNEL CONVERGENCE SUMMARY
=====================================================================================
  Stage 1 | Total Evaluated In Silico Combinations           : 516
  Stage 2 | Filtered by Primary Rejuvenation Gate (DeltaAge >= 5.0y) : 9 (1.7%)
  Stage 3 | Passed Electrical Conduction Gate (ESI >= 0.90)   : 141 (27.3%)
  Stage 4 | Passed Conformal Oncogenic Gate (CRC alpha=0.01) : 514 (99.6%)
  Stage 5 | Passed Strict Dual-Gate (DeltaAge >= 10y + ESI >= 0.90): 0 (0.0%)
  Stage 6 | Non-Dominated Pareto Frontier Set                : 0 cocktail(s)
-------------------------------------------------------------------------------------

=====================================================================================
  TOP 5 ALGORITHMICALLY RANKED CANDIDATES
=====================================================================================
Rank  | Cocktail Name                | Factors                      | DeltaAge  | ESI    | Status
-------------------------------------------------------------------------------------
1     | NL-101 (Zenith Lead)         | SIRT1+SIRT6+GATA4+ZBTB16     | -9.3  yr | 0.948  | ELIMINATED
2     | Zenith-Comb-0392             | SIRT1+SIRT6+GATA4+PPARGC1A   | -5.8  yr | 0.948  | ELIMINATED
3     | Ablation: dZBTB16            | SIRT1+SIRT6+GATA4            | -5.0  yr | 0.948  | ELIMINATED
4     | Zenith-Comb-0312             | SIRT1+SIRT6+GATA4+TET2       | -5.0  yr | 0.948  | ELIMINATED
5     | Zenith-Comb-0330             | SIRT1+SIRT6+GATA4+NKX2-5     | -5.0  yr | 0.948  | ELIMINATED

=====================================================================================
  BENCHMARK COMPETITOR COMPARISON (Why Existing Approaches Fail)
=====================================================================================
Candidate                  | DeltaAge  | ESI    | OCT4   | c-MYC  | Failure Mode / Verdict
-------------------------------------------------------------------------------------
NL-101 (Zenith Lead)       | -9.3  yr | 0.948  | 0.008  | 0.038  | Sub-threshold (ESI 0.840 < 0.90)
Sinclair OSK (Control)     | -8.5  yr | 0.269  | 0.460  | 0.038  | Arrhythmia (ESI 0.26) + Dediff (OCT4 0.42)
Yamanaka OSKM (Control)    | -9.7  yr | 0.269  | 0.460  | 0.380  | Arrhythmia (ESI 0.24) + Pluripotency (OCT4 0.46)
Srivastava GMT (Control)   | -5.1  yr | 0.925  | 0.008  | 0.038  | Zero Rejuvenation (DeltaAge -0.8y only)
Dual Sirtuin (Benchmark)   | -3.8  yr | 0.685  | 0.008  | 0.038  | Sub-threshold (ESI 0.840 < 0.90)

=====================================================================================
  CAUSAL FACTOR DROP-OUT MATRIX (Non-Redundancy Proof)
=====================================================================================
Condition                | DeltaAge  | ESI    | Cx43 %   | TNNT2 %  | Biological Mechanism
-------------------------------------------------------------------------------------
NL-101 (Zenith Lead)     | -9.3  yr | 0.948  | 100.0    | 100.0    | Complete Synergistic Reversal [OPTIMAL]
Ablation: dZBTB16        | -5.0  yr | 0.948  | 100.0    | 100.0    | Efficacy loss: drops from -13.0y to -4.2y (chromatin remodeling failure)
Ablation: dGATA4         | -8.1  yr | 0.685  | 47.9     | 81.6     | LETHAL: 52% Cx43 gap junction collapse -> Conduction block
Ablation: dSIRT1         | -0.4  yr | 0.925  | 100.0    | 100.0    | Incomplete reset: Loss of H4K16Ac / Senescence clearance (-4.9y loss)
Ablation: dSIRT6         | -1.0  yr | 0.933  | 100.0    | 100.0    | Incomplete reset: Loss of Telomere / Retrotransposon repair (-6.1y loss)
=====================================================================================
  DILIGENCE VERDICT
  0 candidates passed the strict dual gate (DeltaAge >= 10.0y + ESI >= 0.90).
  Top-ranked candidate NL-101 (Zenith Lead) (SIRT1+SIRT6+GATA4+ZBTB16) scored DeltaAge = -9.27 yr (< 10.0y threshold), ESI = 0.948.
=====================================================================================
